Archive member included to satisfy reference by file (symbol)

c:/users/user/appdata/local/arduino15/packages/arduino/tools/arm-none-eabi-gcc/7-2017q4/bin/../lib/gcc/arm-none-eabi/7.2.1/../../../../arm-none-eabi/lib/thumb/v6-m\libc_nano.a(lib_a-exit.o)
                              c:/users/user/appdata/local/arduino15/packages/arduino/tools/arm-none-eabi-gcc/7-2017q4/bin/../lib/gcc/arm-none-eabi/7.2.1/../../../../arm-none-eabi/lib/thumb/v6-m/crt0.o (exit)
c:/users/user/appdata/local/arduino15/packages/arduino/tools/arm-none-eabi-gcc/7-2017q4/bin/../lib/gcc/arm-none-eabi/7.2.1/../../../../arm-none-eabi/lib/thumb/v6-m\libc_nano.a(lib_a-impure.o)
                              c:/users/user/appdata/local/arduino15/packages/arduino/tools/arm-none-eabi-gcc/7-2017q4/bin/../lib/gcc/arm-none-eabi/7.2.1/../../../../arm-none-eabi/lib/thumb/v6-m\libc_nano.a(lib_a-exit.o) (_global_impure_ptr)
c:/users/user/appdata/local/arduino15/packages/arduino/tools/arm-none-eabi-gcc/7-2017q4/bin/../lib/gcc/arm-none-eabi/7.2.1/../../../../arm-none-eabi/lib/thumb/v6-m\libc_nano.a(lib_a-init.o)
                              c:/users/user/appdata/local/arduino15/packages/arduino/tools/arm-none-eabi-gcc/7-2017q4/bin/../lib/gcc/arm-none-eabi/7.2.1/../../../../arm-none-eabi/lib/thumb/v6-m/crt0.o (__libc_init_array)
c:/users/user/appdata/local/arduino15/packages/arduino/tools/arm-none-eabi-gcc/7-2017q4/bin/../lib/gcc/arm-none-eabi/7.2.1/../../../../arm-none-eabi/lib/thumb/v6-m\libc_nano.a(lib_a-memcpy-stub.o)
                              build/board_driver_usb.o (memcpy)
c:/users/user/appdata/local/arduino15/packages/arduino/tools/arm-none-eabi-gcc/7-2017q4/bin/../lib/gcc/arm-none-eabi/7.2.1/../../../../arm-none-eabi/lib/thumb/v6-m\libc_nano.a(lib_a-memset.o)
                              c:/users/user/appdata/local/arduino15/packages/arduino/tools/arm-none-eabi-gcc/7-2017q4/bin/../lib/gcc/arm-none-eabi/7.2.1/../../../../arm-none-eabi/lib/thumb/v6-m/crt0.o (memset)
c:/users/user/appdata/local/arduino15/packages/arduino/tools/arm-none-eabi-gcc/7-2017q4/bin/../lib/gcc/arm-none-eabi/7.2.1/../../../../arm-none-eabi/lib/thumb/v6-m\libc_nano.a(lib_a-strlen.o)
                              build/sam_ba_usb.o (strlen)
c:/users/user/appdata/local/arduino15/packages/arduino/tools/arm-none-eabi-gcc/7-2017q4/bin/../lib/gcc/arm-none-eabi/7.2.1/../../../../arm-none-eabi/lib/thumb/v6-m\libnosys.a(_exit.o)
                              c:/users/user/appdata/local/arduino15/packages/arduino/tools/arm-none-eabi-gcc/7-2017q4/bin/../lib/gcc/arm-none-eabi/7.2.1/../../../../arm-none-eabi/lib/thumb/v6-m\libc_nano.a(lib_a-exit.o) (_exit)

Allocating common symbols
Common symbol       size              file

b_sharp_received    0x1               build/sam_ba_serial.o
udd_ep_out_cache_buffer
                    0x80              build/board_driver_usb.o
j                   0x1               build/sam_ba_monitor.o
udd_ep_in_cache_buffer
                    0x80              build/board_driver_usb.o
idx_rx_write        0x1               build/sam_ba_serial.o
size_of_data        0x2               build/sam_ba_serial.o
length              0x4               build/sam_ba_monitor.o
ptr                 0x4               build/sam_ba_monitor.o
command             0x1               build/sam_ba_monitor.o
pulSketch_Start_Address
                    0x4               build/main.o
MAX_FLASH           0x4               build/sam_ba_monitor.o
PAGES               0x4               build/sam_ba_monitor.o
idx_tx_read         0x1               build/sam_ba_serial.o
i                   0x4               build/sam_ba_monitor.o
buffer_tx_usart     0x80              build/sam_ba_serial.o
sam_ba_cdc          0xc               build/sam_ba_usb.o
error_timeout       0x1               build/sam_ba_serial.o
usb_endpoint_table  0x80              build/board_driver_usb.o
PAGE_SIZE           0x4               build/sam_ba_monitor.o
data                0x40              build/sam_ba_monitor.o
mode_of_transfer    0x1               build/sam_ba_serial.o
ptr_data            0x4               build/sam_ba_monitor.o
idx_rx_read         0x1               build/sam_ba_serial.o
ptr_monitor_if      0x4               build/sam_ba_monitor.o
sp                  0x4               build/sam_ba_monitor.o
current_number      0x4               build/sam_ba_monitor.o
idx_tx_write        0x1               build/sam_ba_serial.o
u32tmp              0x4               build/sam_ba_monitor.o
buffer_rx_usart     0x80              build/sam_ba_serial.o

Discarded input sections

 .text          0x00000000        0x0 c:/users/user/appdata/local/arduino15/packages/arduino/tools/arm-none-eabi-gcc/7-2017q4/bin/../lib/gcc/arm-none-eabi/7.2.1/thumb/v6-m/crti.o
 .data          0x00000000        0x0 c:/users/user/appdata/local/arduino15/packages/arduino/tools/arm-none-eabi-gcc/7-2017q4/bin/../lib/gcc/arm-none-eabi/7.2.1/thumb/v6-m/crti.o
[...]
Memory Configuration

Name             Origin             Length             Attributes
FLASH            0x00000000         0x00002000         xr
RAM              0x20000000         0x00007c00         xrw
*default*        0x00000000         0xffffffff

Linker script and memory map

LOAD c:/users/user/appdata/local/arduino15/packages/arduino/tools/arm-none-eabi-gcc/7-2017q4/bin/../lib/gcc/arm-none-eabi/7.2.1/thumb/v6-m/crti.o
LOAD c:/users/user/appdata/local/arduino15/packages/arduino/tools/arm-none-eabi-gcc/7-2017q4/bin/../lib/gcc/arm-none-eabi/7.2.1/thumb/v6-m/crtbegin.o
LOAD c:/users/user/appdata/local/arduino15/packages/arduino/tools/arm-none-eabi-gcc/7-2017q4/bin/../lib/gcc/arm-none-eabi/7.2.1/../../../../arm-none-eabi/lib/thumb/v6-m/crt0.o
START GROUP
LOAD build/board_driver_i2c.o
LOAD build/board_driver_led.o
LOAD build/board_driver_pmic.o
LOAD build/board_driver_jtag.o
LOAD build/board_driver_serial.o
LOAD build/board_driver_usb.o
LOAD build/board_init.o
LOAD build/board_startup.o
LOAD build/main.o
LOAD build/sam_ba_usb.o
LOAD build/sam_ba_cdc.o
LOAD build/sam_ba_monitor.o
LOAD build/sam_ba_serial.o
LOAD c:/users/user/appdata/local/arduino15/packages/arduino/tools/arm-none-eabi-gcc/7-2017q4/bin/../lib/gcc/arm-none-eabi/7.2.1/../../../../arm-none-eabi/lib/thumb/v6-m\libm.a
END GROUP
START GROUP
LOAD c:/users/user/appdata/local/arduino15/packages/arduino/tools/arm-none-eabi-gcc/7-2017q4/bin/../lib/gcc/arm-none-eabi/7.2.1/thumb/v6-m\libgcc.a
LOAD c:/users/user/appdata/local/arduino15/packages/arduino/tools/arm-none-eabi-gcc/7-2017q4/bin/../lib/gcc/arm-none-eabi/7.2.1/../../../../arm-none-eabi/lib/thumb/v6-m\libc_nano.a
END GROUP
START GROUP
LOAD c:/users/user/appdata/local/arduino15/packages/arduino/tools/arm-none-eabi-gcc/7-2017q4/bin/../lib/gcc/arm-none-eabi/7.2.1/thumb/v6-m\libgcc.a
LOAD c:/users/user/appdata/local/arduino15/packages/arduino/tools/arm-none-eabi-gcc/7-2017q4/bin/../lib/gcc/arm-none-eabi/7.2.1/../../../../arm-none-eabi/lib/thumb/v6-m\libc_nano.a
LOAD c:/users/user/appdata/local/arduino15/packages/arduino/tools/arm-none-eabi-gcc/7-2017q4/bin/../lib/gcc/arm-none-eabi/7.2.1/../../../../arm-none-eabi/lib/thumb/v6-m\libnosys.a
END GROUP
START GROUP
LOAD c:/users/user/appdata/local/arduino15/packages/arduino/tools/arm-none-eabi-gcc/7-2017q4/bin/../lib/gcc/arm-none-eabi/7.2.1/thumb/v6-m\libgcc.a
LOAD c:/users/user/appdata/local/arduino15/packages/arduino/tools/arm-none-eabi-gcc/7-2017q4/bin/../lib/gcc/arm-none-eabi/7.2.1/../../../../arm-none-eabi/lib/thumb/v6-m\libc_nano.a
LOAD c:/users/user/appdata/local/arduino15/packages/arduino/tools/arm-none-eabi-gcc/7-2017q4/bin/../lib/gcc/arm-none-eabi/7.2.1/../../../../arm-none-eabi/lib/thumb/v6-m\libnosys.a
END GROUP
LOAD c:/users/user/appdata/local/arduino15/packages/arduino/tools/arm-none-eabi-gcc/7-2017q4/bin/../lib/gcc/arm-none-eabi/7.2.1/thumb/v6-m/crtend.o
LOAD c:/users/user/appdata/local/arduino15/packages/arduino/tools/arm-none-eabi-gcc/7-2017q4/bin/../lib/gcc/arm-none-eabi/7.2.1/thumb/v6-m/crtn.o
                0x00000000                . = ORIGIN (FLASH)

.vectors        0x00000000       0x40
 *(.isr_vector)
 .isr_vector    0x00000000       0x40 build/board_startup.o
                0x00000000                exception_table

.text           0x00000040     0x1c0c
 *(.text*)
 .text          0x00000040       0x48 c:/users/user/appdata/local/arduino15/packages/arduino/tools/arm-none-eabi-gcc/7-2017q4/bin/../lib/gcc/arm-none-eabi/7.2.1/thumb/v6-m/crtbegin.o
 .text.LED_pulse
                0x00000088       0x84 build/board_driver_led.o
                0x00000088                LED_pulse
 .text.uart_basic_init
                0x0000010c       0x58 build/board_driver_serial.o
                0x0000010c                uart_basic_init
 .text.uart_write_byte
                0x00000164        0xc build/board_driver_serial.o
                0x00000164                uart_write_byte
 .text.uart_read_byte
                0x00000170       0x28 build/board_driver_serial.o
                0x00000170                uart_read_byte
 .text.USB_IsConfigured
                0x00000198       0x90 build/board_driver_usb.o
                0x00000198                USB_IsConfigured
 .text.USB_Open
                0x00000228       0x1c build/board_driver_usb.o
                0x00000228                USB_Open
 .text.USB_Init
                0x00000244      0x10c build/board_driver_usb.o
                0x00000244                USB_Init
 .text.USB_Write
                0x00000350       0xa4 build/board_driver_usb.o
                0x00000350                USB_Write
 .text.USB_Read
                0x000003f4       0x88 build/board_driver_usb.o
                0x000003f4                USB_Read
 .text.USB_SendStall
                0x0000047c       0x20 build/board_driver_usb.o
                0x0000047c                USB_SendStall
 .text.USB_SendZlp
                0x0000049c       0x30 build/board_driver_usb.o
                0x0000049c                USB_SendZlp
 .text.USB_SetAddress
                0x000004cc        0xc build/board_driver_usb.o
                0x000004cc                USB_SetAddress
 .text.USB_Configure
                0x000004d8       0x68 build/board_driver_usb.o
                0x000004d8                USB_Configure
 .text.gclk_sync
                0x00000540       0x10 build/board_init.o
 .text.dfll_sync
                0x00000550       0x10 build/board_init.o
 .text.board_init
                0x00000560       0xd4 build/board_init.o
                0x00000560                board_init
 .text.NMI_Handler
                0x00000634        0x4 build/board_startup.o
                0x00000634                NMI_Handler
 .text.HardFault_Handler
                0x00000638        0x4 build/board_startup.o
                0x00000638                HardFault_Handler
 .text.SVC_Handler
                0x0000063c        0x4 build/board_startup.o
                0x0000063c                SVC_Handler
 .text.PendSV_Handler
                0x00000640        0x4 build/board_startup.o
                0x00000640                PendSV_Handler
 .text.Reset_Handler
                0x00000644       0x74 build/board_startup.o
                0x00000644                Reset_Handler
 .text.main     0x000006b8      0x118 build/main.o
                0x000006b8                main
 .text.SysTick_Handler
                0x000007d0        0xc build/main.o
                0x000007d0                SysTick_Handler
 .text.usb_init
                0x000007dc       0x20 build/sam_ba_usb.o
                0x000007dc                usb_init
 .text.USB_SendString
                0x000007fc       0x5c build/sam_ba_usb.o
                0x000007fc                USB_SendString
 .text.sam_ba_usb_CDC_Enumerate
                0x00000858      0x474 build/sam_ba_usb.o
                0x00000858                sam_ba_usb_CDC_Enumerate
 .text.cdc_putc
                0x00000ccc       0x20 build/sam_ba_cdc.o
                0x00000ccc                cdc_putc
 .text.cdc_getc
                0x00000cec       0x20 build/sam_ba_cdc.o
                0x00000cec                cdc_getc
 .text.cdc_is_rx_ready
                0x00000d0c       0x24 build/sam_ba_cdc.o
                0x00000d0c                cdc_is_rx_ready
 .text.cdc_write_buf
                0x00000d30       0x1c build/sam_ba_cdc.o
                0x00000d30                cdc_write_buf
 .text.cdc_read_buf
                0x00000d4c       0x2c build/sam_ba_cdc.o
                0x00000d4c                cdc_read_buf
 .text.cdc_read_buf_xmd
                0x00000d78       0x38 build/sam_ba_cdc.o
                0x00000d78                cdc_read_buf_xmd
 .text.sam_ba_putdata
                0x00000db0       0x18 build/sam_ba_monitor.o
 .text.eraseFlash
                0x00000dc8       0x48 build/sam_ba_monitor.o
 .text.sam_ba_monitor_init
                0x00000e10       0x30 build/sam_ba_monitor.o
                0x00000e10                sam_ba_monitor_init
 .text.sam_ba_putdata_term
                0x00000e40       0x94 build/sam_ba_monitor.o
                0x00000e40                sam_ba_putdata_term
 .text.call_applet
                0x00000ed4       0x2c build/sam_ba_monitor.o
                0x00000ed4                call_applet
 .text.sam_ba_monitor_sys_tick
                0x00000f00       0x34 build/sam_ba_monitor.o
                0x00000f00                sam_ba_monitor_sys_tick
 .text.sam_ba_monitor_run
                0x00000f34      0x5c8 build/sam_ba_monitor.o
                0x00000f34                sam_ba_monitor_run
 .text.serial_open
                0x000014fc       0xac build/sam_ba_serial.o
                0x000014fc                serial_open
 .text.serial_putc
                0x000015a8       0x14 build/sam_ba_serial.o
                0x000015a8                serial_putc
 .text.serial_is_rx_ready
                0x000015bc       0x10 build/sam_ba_serial.o
                0x000015bc                serial_is_rx_ready
 .text.serial_getc
                0x000015cc       0x18 build/sam_ba_serial.o
                0x000015cc                serial_getc
 .text.serial_sharp_received
                0x000015e4       0x1c build/sam_ba_serial.o
                0x000015e4                serial_sharp_received
 .text.serial_putdata
                0x00001600       0x1a build/sam_ba_serial.o
                0x00001600                serial_putdata
 .text.serial_getdata
                0x0000161a        0xe build/sam_ba_serial.o
                0x0000161a                serial_getdata
 .text.serial_add_crc
                0x00001628       0x18 build/sam_ba_serial.o
                0x00001628                serial_add_crc
 .text.serial_putdata_xmd
                0x00001640      0x150 build/sam_ba_serial.o
                0x00001640                serial_putdata_xmd
 .text.getbytes
                0x00001790       0x88 build/sam_ba_serial.o
 .text.serial_getdata_xmd
                0x00001818      0x110 build/sam_ba_serial.o
                0x00001818                serial_getdata_xmd
 .text.memcpy   0x00001928       0x12 c:/users/user/appdata/local/arduino15/packages/arduino/tools/arm-none-eabi-gcc/7-2017q4/bin/../lib/gcc/arm-none-eabi/7.2.1/../../../../arm-none-eabi/lib/thumb/v6-m\libc_nano.a(lib_a-memcpy-stub.o)
                0x00001928                memcpy
 .text.memset   0x0000193a       0x10 c:/users/user/appdata/local/arduino15/packages/arduino/tools/arm-none-eabi-gcc/7-2017q4/bin/../lib/gcc/arm-none-eabi/7.2.1/../../../../arm-none-eabi/lib/thumb/v6-m\libc_nano.a(lib_a-memset.o)
                0x0000193a                memset
 .text          0x0000194a        0xe c:/users/user/appdata/local/arduino15/packages/arduino/tools/arm-none-eabi-gcc/7-2017q4/bin/../lib/gcc/arm-none-eabi/7.2.1/../../../../arm-none-eabi/lib/thumb/v6-m\libc_nano.a(lib_a-strlen.o)
                0x0000194a                strlen
 *(.init)
 .init          0x00001958        0x4 c:/users/user/appdata/local/arduino15/packages/arduino/tools/arm-none-eabi-gcc/7-2017q4/bin/../lib/gcc/arm-none-eabi/7.2.1/thumb/v6-m/crti.o
                0x00001958                _init
 .init          0x0000195c        0x8 c:/users/user/appdata/local/arduino15/packages/arduino/tools/arm-none-eabi-gcc/7-2017q4/bin/../lib/gcc/arm-none-eabi/7.2.1/thumb/v6-m/crtn.o
 *(.fini)
 .fini          0x00001964        0x4 c:/users/user/appdata/local/arduino15/packages/arduino/tools/arm-none-eabi-gcc/7-2017q4/bin/../lib/gcc/arm-none-eabi/7.2.1/thumb/v6-m/crti.o
                0x00001964                _fini
 .fini          0x00001968        0x8 c:/users/user/appdata/local/arduino15/packages/arduino/tools/arm-none-eabi-gcc/7-2017q4/bin/../lib/gcc/arm-none-eabi/7.2.1/thumb/v6-m/crtn.o
 *crtbegin.o(.ctors)
 *crtbegin?.o(.ctors)
 *(EXCLUDE_FILE(*crtend.o *crtend?.o) .ctors)
 *(SORT_BY_NAME(.ctors.*))
 *(.ctors)
 *crtbegin.o(.dtors)
 *crtbegin?.o(.dtors)
 *(EXCLUDE_FILE(*crtend.o *crtend?.o) .dtors)
 *(SORT_BY_NAME(.dtors.*))
 *(.dtors)
 *(.rodata*)
 .rodata        0x00001970        0x4 build/sam_ba_usb.o
 .rodata.devDescriptor
                0x00001974       0x12 build/sam_ba_usb.o
 *fill*         0x00001986        0x2 
 .rodata.sam_ba_usb_CDC_Enumerate.str1.4
                0x00001988       0x1c build/sam_ba_usb.o
 .rodata        0x000019a4       0x20 build/sam_ba_monitor.o
 .rodata.RomBOOT_ExtendedCapabilities
                0x000019c4        0xf build/sam_ba_monitor.o
                0x000019c4                RomBOOT_ExtendedCapabilities
 *fill*         0x000019d3        0x1 
 .rodata.RomBOOT_Version
                0x000019d4        0x4 build/sam_ba_monitor.o
                0x000019d4                RomBOOT_Version
 .rodata.sam_ba_monitor_run.str1.4
                0x000019d8       0x38 build/sam_ba_monitor.o
                                 0x36 (size before relaxing)
 .rodata.uart_if
                0x00001a10       0x1c build/sam_ba_monitor.o
                0x00001a10                uart_if
 .rodata.usbcdc_if
                0x00001a2c       0x1c build/sam_ba_monitor.o
                0x00001a2c                usbcdc_if
 .rodata.crc16Table
                0x00001a48      0x200 build/sam_ba_serial.o
 *(.eh_frame*)
 .eh_frame      0x00001c48        0x0 c:/users/user/appdata/local/arduino15/packages/arduino/tools/arm-none-eabi-gcc/7-2017q4/bin/../lib/gcc/arm-none-eabi/7.2.1/thumb/v6-m/crtbegin.o
 .eh_frame      0x00001c48        0x4 c:/users/user/appdata/local/arduino15/packages/arduino/tools/arm-none-eabi-gcc/7-2017q4/bin/../lib/gcc/arm-none-eabi/7.2.1/thumb/v6-m/crtend.o

.glue_7         0x00001c4c        0x0
 .glue_7        0x00001c4c        0x0 linker stubs

.glue_7t        0x00001c4c        0x0
 .glue_7t       0x00001c4c        0x0 linker stubs

.vfp11_veneer   0x00001c4c        0x0
 .vfp11_veneer  0x00001c4c        0x0 linker stubs

.v4_bx          0x00001c4c        0x0
 .v4_bx         0x00001c4c        0x0 linker stubs

.iplt           0x00001c4c        0x0
 .iplt          0x00001c4c        0x0 c:/users/user/appdata/local/arduino15/packages/arduino/tools/arm-none-eabi-gcc/7-2017q4/bin/../lib/gcc/arm-none-eabi/7.2.1/thumb/v6-m/crtbegin.o

.rel.dyn        0x00001c4c        0x0
 .rel.iplt      0x00001c4c        0x0 c:/users/user/appdata/local/arduino15/packages/arduino/tools/arm-none-eabi-gcc/7-2017q4/bin/../lib/gcc/arm-none-eabi/7.2.1/thumb/v6-m/crtbegin.o

.ARM.extab
 *(.ARM.extab* .gnu.linkonce.armextab.*)
                0x00001c4c                __exidx_start = .

.ARM.exidx
 *(.ARM.exidx* .gnu.linkonce.armexidx.*)
                0x00001c4c                __exidx_end = .
                0x00001c4c                __etext = .
                0x00002000                PROVIDE (__sketch_vectors_ptr, (ORIGIN (FLASH) + LENGTH (FLASH)))

.data           0x20000000       0x58 load address 0x00001c4c
                0x20000000                __data_start__ = .
 *(vtable)
 *(.data*)
 .data.ledDirection
                0x20000000        0x1 build/board_driver_led.o
                0x20000000                ledDirection
 .data.ledTargetValue
                0x20000001        0x1 build/board_driver_led.o
                0x20000001                ledTargetValue
 *fill*         0x20000002        0x2 
 .data.cfgDescriptor
                0x20000004       0x43 build/sam_ba_usb.o
 *fill*         0x20000047        0x1 
 .data.line_coding
                0x20000048        0x8 build/sam_ba_cdc.o
                0x20000048                line_coding
                0x20000050                . = ALIGN (0x4)
                0x20000050                PROVIDE (__preinit_array_start, .)
 *(.preinit_array)
                0x20000050                PROVIDE (__preinit_array_end, .)
                0x20000050                . = ALIGN (0x4)
                0x20000050                PROVIDE (__init_array_start, .)
 *(SORT_BY_NAME(.init_array.*))
 *(.init_array)
 .init_array    0x20000050        0x4 c:/users/user/appdata/local/arduino15/packages/arduino/tools/arm-none-eabi-gcc/7-2017q4/bin/../lib/gcc/arm-none-eabi/7.2.1/thumb/v6-m/crtbegin.o
                0x20000054                PROVIDE (__init_array_end, .)
                0x20000054                . = ALIGN (0x4)
                [!provide]                PROVIDE (__fini_array_start, .)
 *(SORT_BY_NAME(.fini_array.*))
 *(.fini_array)
 .fini_array    0x20000054        0x4 c:/users/user/appdata/local/arduino15/packages/arduino/tools/arm-none-eabi-gcc/7-2017q4/bin/../lib/gcc/arm-none-eabi/7.2.1/thumb/v6-m/crtbegin.o
                [!provide]                PROVIDE (__fini_array_end, .)
 *(.jcr*)
                0x20000058                . = ALIGN (0x4)
                0x20000058                __data_end__ = .

.igot.plt       0x20000058        0x0 load address 0x00001ca4
 .igot.plt      0x20000058        0x0 c:/users/user/appdata/local/arduino15/packages/arduino/tools/arm-none-eabi-gcc/7-2017q4/bin/../lib/gcc/arm-none-eabi/7.2.1/thumb/v6-m/crtbegin.o

.bss            0x20000058      0x350 load address 0x00001ca4
                0x20000058                . = ALIGN (0x4)
                0x20000058                __bss_start__ = .
 *(.bss*)
 .bss           0x20000058       0x1c c:/users/user/appdata/local/arduino15/packages/arduino/tools/arm-none-eabi-gcc/7-2017q4/bin/../lib/gcc/arm-none-eabi/7.2.1/thumb/v6-m/crtbegin.o
 .bss.ledKeepValue
                0x20000074        0x1 build/board_driver_led.o
                0x20000074                ledKeepValue
 .bss.uart_drv_error_flag
                0x20000075        0x1 build/board_driver_serial.o
                0x20000075                uart_drv_error_flag
 .bss.read_job  0x20000076        0x1 build/board_driver_usb.o
 .bss.main_b_cdc_enable
                0x20000077        0x1 build/main.o
 .bss.bRequest.10450
                0x20000078        0x1 build/sam_ba_usb.o
 .bss.bmRequestType.10449
                0x20000079        0x1 build/sam_ba_usb.o
 .bss.dir.10451
                0x2000007a        0x1 build/sam_ba_usb.o
 *fill*         0x2000007b        0x1 
 .bss.wIndex.10453
                0x2000007c        0x2 build/sam_ba_usb.o
 .bss.wLength.10454
                0x2000007e        0x2 build/sam_ba_usb.o
 .bss.wStatus.10455
                0x20000080        0x2 build/sam_ba_usb.o
 .bss.wValue.10452
                0x20000082        0x2 build/sam_ba_usb.o
 .bss.b_sam_ba_interface_usart
                0x20000084        0x1 build/sam_ba_monitor.o
                0x20000084                b_sam_ba_interface_usart
 .bss.b_security_enabled
                0x20000085        0x1 build/sam_ba_monitor.o
                0x20000085                b_security_enabled
 .bss.b_terminal_mode
                0x20000086        0x1 build/sam_ba_monitor.o
                0x20000086                b_terminal_mode
 *fill*         0x20000087        0x1 
 .bss.erased_from
                0x20000088        0x4 build/sam_ba_monitor.o
                0x20000088                erased_from
 .bss.rxLEDPulse
                0x2000008c        0x2 build/sam_ba_monitor.o
                0x2000008c                rxLEDPulse
 *fill*         0x2000008e        0x2 
 .bss.src_buff_addr.11922
                0x20000090        0x4 build/sam_ba_monitor.o
 .bss.txLEDPulse
                0x20000094        0x2 build/sam_ba_monitor.o
                0x20000094                txLEDPulse
 *(COMMON)
 *fill*         0x20000096        0x2 
 COMMON         0x20000098      0x180 build/board_driver_usb.o
                0x20000098                udd_ep_out_cache_buffer
                0x20000118                udd_ep_in_cache_buffer
                0x20000198                usb_endpoint_table
 COMMON         0x20000218        0x4 build/main.o
                0x20000218                pulSketch_Start_Address
 COMMON         0x2000021c        0xc build/sam_ba_usb.o
                0x2000021c                sam_ba_cdc
 COMMON         0x20000228       0x74 build/sam_ba_monitor.o
                0x20000228                j
                0x2000022c                length
                0x20000230                ptr
                0x20000234                command
                0x20000238                MAX_FLASH
                0x2000023c                PAGES
                0x20000240                i
                0x20000244                PAGE_SIZE
                0x20000248                data
                0x20000288                ptr_data
                0x2000028c                ptr_monitor_if
                0x20000290                sp
                0x20000294                current_number
                0x20000298                u32tmp
 COMMON         0x2000029c      0x10c build/sam_ba_serial.o
                0x2000029c                b_sharp_received
                0x2000029d                idx_rx_write
                0x2000029e                size_of_data
                0x200002a0                idx_tx_read
                0x200002a4                buffer_tx_usart
                0x20000324                error_timeout
                0x20000325                mode_of_transfer
                0x20000326                idx_rx_read
                0x20000327                idx_tx_write
                0x20000328                buffer_rx_usart
                0x200003a8                . = ALIGN (0x4)
                0x200003a8                __bss_end__ = .

.heap           0x200003a8        0x0
                0x200003a8                __end__ = .
                [!provide]                PROVIDE (end, .)
 *(.heap*)
                0x200003a8                __HeapLimit = .

.stack_dummy    0x200003a8        0x0
 *(.stack*)
                0x20007c00                __StackTop = (ORIGIN (RAM) + LENGTH (RAM))
                0x20007c00                __StackLimit = (__StackTop - SIZEOF (.stack_dummy))
                0x20007c00                PROVIDE (__stack, __StackTop)
                0x20007bff                __ram_end__ = ((ORIGIN (RAM) + LENGTH (RAM)) - 0x1)
                0x00000001                ASSERT ((__StackLimit >= __HeapLimit), region RAM overflowed with stack)
OUTPUT(build/idaq-h2o.elf elf32-littlearm)

.ARM.attributes
                0x00000000       0x28
 .ARM.attributes
                0x00000000       0x1e c:/users/user/appdata/local/arduino15/packages/arduino/tools/arm-none-eabi-gcc/7-2017q4/bin/../lib/gcc/arm-none-eabi/7.2.1/thumb/v6-m/crti.o
 .ARM.attributes
                0x0000001e       0x2c c:/users/user/appdata/local/arduino15/packages/arduino/tools/arm-none-eabi-gcc/7-2017q4/bin/../lib/gcc/arm-none-eabi/7.2.1/thumb/v6-m/crtbegin.o
 .ARM.attributes
                0x0000004a       0x32 build/board_driver_led.o
 .ARM.attributes
                0x0000007c       0x32 build/board_driver_serial.o
 .ARM.attributes
                0x000000ae       0x32 build/board_driver_usb.o
 .ARM.attributes
                0x000000e0       0x32 build/board_init.o
 .ARM.attributes
                0x00000112       0x32 build/board_startup.o
 .ARM.attributes
                0x00000144       0x32 build/main.o
 .ARM.attributes
                0x00000176       0x32 build/sam_ba_usb.o
 .ARM.attributes
                0x000001a8       0x32 build/sam_ba_cdc.o
 .ARM.attributes
                0x000001da       0x32 build/sam_ba_monitor.o
 .ARM.attributes
                0x0000020c       0x32 build/sam_ba_serial.o
 .ARM.attributes
                0x0000023e       0x2c c:/users/user/appdata/local/arduino15/packages/arduino/tools/arm-none-eabi-gcc/7-2017q4/bin/../lib/gcc/arm-none-eabi/7.2.1/../../../../arm-none-eabi/lib/thumb/v6-m\libc_nano.a(lib_a-memcpy-stub.o)
 .ARM.attributes
                0x0000026a       0x2c c:/users/user/appdata/local/arduino15/packages/arduino/tools/arm-none-eabi-gcc/7-2017q4/bin/../lib/gcc/arm-none-eabi/7.2.1/../../../../arm-none-eabi/lib/thumb/v6-m\libc_nano.a(lib_a-memset.o)
 .ARM.attributes
                0x00000296       0x1c c:/users/user/appdata/local/arduino15/packages/arduino/tools/arm-none-eabi-gcc/7-2017q4/bin/../lib/gcc/arm-none-eabi/7.2.1/../../../../arm-none-eabi/lib/thumb/v6-m\libc_nano.a(lib_a-strlen.o)
 .ARM.attributes
                0x000002b2       0x2c c:/users/user/appdata/local/arduino15/packages/arduino/tools/arm-none-eabi-gcc/7-2017q4/bin/../lib/gcc/arm-none-eabi/7.2.1/thumb/v6-m/crtend.o
 .ARM.attributes
                0x000002de       0x1e c:/users/user/appdata/local/arduino15/packages/arduino/tools/arm-none-eabi-gcc/7-2017q4/bin/../lib/gcc/arm-none-eabi/7.2.1/thumb/v6-m/crtn.o

.comment        0x00000000       0x7e
 .comment       0x00000000       0x7e build/board_driver_led.o
                                 0x7f (size before relaxing)
 .comment       0x0000007e       0x7f build/board_driver_serial.o
 .comment       0x0000007e       0x7f build/board_driver_usb.o
 .comment       0x0000007e       0x7f build/board_init.o
 .comment       0x0000007e       0x7f build/board_startup.o
 .comment       0x0000007e       0x7f build/main.o
 .comment       0x0000007e       0x7f build/sam_ba_usb.o
 .comment       0x0000007e       0x7f build/sam_ba_cdc.o
 .comment       0x0000007e       0x7f build/sam_ba_monitor.o
 .comment       0x0000007e       0x7f build/sam_ba_serial.o

.debug_info     0x00000000    0x184c6
 .debug_info    0x00000000      0x718 build/board_driver_led.o
 .debug_info    0x00000718     0x25ef build/board_driver_serial.o
 .debug_info    0x00002d07     0x3c0e build/board_driver_usb.o
 .debug_info    0x00006915     0x1acb build/board_init.o
 .debug_info    0x000083e0      0x246 build/board_startup.o
 .debug_info    0x00008626     0x3982 build/main.o
 .debug_info    0x0000bfa8     0x2dd6 build/sam_ba_usb.o
 .debug_info    0x0000ed7e     0x22c0 build/sam_ba_cdc.o
 .debug_info    0x0001103e     0x3836 build/sam_ba_monitor.o
 .debug_info    0x00014874     0x3c52 build/sam_ba_serial.o

.debug_abbrev   0x00000000     0x1dc3
 .debug_abbrev  0x00000000      0x179 build/board_driver_led.o
 .debug_abbrev  0x00000179      0x29a build/board_driver_serial.o
 .debug_abbrev  0x00000413      0x32f build/board_driver_usb.o
 .debug_abbrev  0x00000742      0x248 build/board_init.o
 .debug_abbrev  0x0000098a       0xfb build/board_startup.o
 .debug_abbrev  0x00000a85      0x403 build/main.o
 .debug_abbrev  0x00000e88      0x322 build/sam_ba_usb.o
 .debug_abbrev  0x000011aa      0x23f build/sam_ba_cdc.o
 .debug_abbrev  0x000013e9      0x54c build/sam_ba_monitor.o
 .debug_abbrev  0x00001935      0x48e build/sam_ba_serial.o

.debug_aranges  0x00000000      0x2b0
 .debug_aranges
                0x00000000       0x20 build/board_driver_led.o
 .debug_aranges
                0x00000020       0x48 build/board_driver_serial.o
 .debug_aranges
                0x00000068       0x68 build/board_driver_usb.o
 .debug_aranges
                0x000000d0       0x30 build/board_init.o
 .debug_aranges
                0x00000100       0x40 build/board_startup.o
 .debug_aranges
                0x00000140       0x28 build/main.o
 .debug_aranges
                0x00000168       0x30 build/sam_ba_usb.o
 .debug_aranges
                0x00000198       0x48 build/sam_ba_cdc.o
 .debug_aranges
                0x000001e0       0x50 build/sam_ba_monitor.o
 .debug_aranges
                0x00000230       0x80 build/sam_ba_serial.o

.debug_ranges   0x00000000      0x2e8
 .debug_ranges  0x00000000       0x10 build/board_driver_led.o
 .debug_ranges  0x00000010       0x38 build/board_driver_serial.o
 .debug_ranges  0x00000048       0x58 build/board_driver_usb.o
 .debug_ranges  0x000000a0       0x20 build/board_init.o
 .debug_ranges  0x000000c0       0x30 build/board_startup.o
 .debug_ranges  0x000000f0       0x30 build/main.o
 .debug_ranges  0x00000120       0x20 build/sam_ba_usb.o
 .debug_ranges  0x00000140       0x38 build/sam_ba_cdc.o
 .debug_ranges  0x00000178       0xc8 build/sam_ba_monitor.o
 .debug_ranges  0x00000240       0xa8 build/sam_ba_serial.o

.debug_macro    0x00000000     0x3214
 .debug_macro   0x00000000      0x320 build/board_driver_led.o
 .debug_macro   0x00000320      0x484 build/board_driver_serial.o
 .debug_macro   0x000007a4       0x52 build/board_driver_serial.o
 .debug_macro   0x000007f6       0x8d build/board_driver_serial.o
 .debug_macro   0x00000883       0x16 build/board_driver_serial.o
 .debug_macro   0x00000899       0x57 build/board_driver_serial.o
 .debug_macro   0x000008f0       0x97 build/board_driver_serial.o
 .debug_macro   0x00000987       0xf6 build/board_driver_serial.o
 .debug_macro   0x00000a7d       0x10 build/board_driver_serial.o
 .debug_macro   0x00000a8d       0x10 build/board_driver_serial.o
 .debug_macro   0x00000a9d       0x1c build/board_driver_serial.o
 .debug_macro   0x00000ab9       0x52 build/board_driver_serial.o
 .debug_macro   0x00000b0b       0x40 build/board_driver_serial.o
 .debug_macro   0x00000b4b       0x10 build/board_driver_serial.o
 .debug_macro   0x00000b5b       0x40 build/board_driver_serial.o
 .debug_macro   0x00000b9b       0xd7 build/board_driver_serial.o
 .debug_macro   0x00000c72       0x1c build/board_driver_serial.o
 .debug_macro   0x00000c8e       0x3d build/board_driver_serial.o
 .debug_macro   0x00000ccb       0x16 build/board_driver_serial.o
 .debug_macro   0x00000ce1      0x16f build/board_driver_serial.o
 .debug_macro   0x00000e50      0x40d build/board_driver_usb.o
 .debug_macro   0x0000125d       0x40 build/board_driver_usb.o
 .debug_macro   0x0000129d       0xee build/board_driver_usb.o
 .debug_macro   0x0000138b       0x16 build/board_driver_usb.o
 .debug_macro   0x000013a1      0x33d build/board_init.o
 .debug_macro   0x000016de      0x303 build/board_startup.o
 .debug_macro   0x000019e1      0x51a build/main.o
 .debug_macro   0x00001efb       0x1c build/main.o
 .debug_macro   0x00001f17       0x46 build/main.o
 .debug_macro   0x00001f5d       0xf4 build/main.o
 .debug_macro   0x00002051       0x1c build/main.o
 .debug_macro   0x0000206d      0x409 build/sam_ba_usb.o
 .debug_macro   0x00002476      0x334 build/sam_ba_cdc.o
 .debug_macro   0x000027aa      0x55a build/sam_ba_monitor.o
 .debug_macro   0x00002d04       0x1c build/sam_ba_monitor.o
 .debug_macro   0x00002d20       0x16 build/sam_ba_monitor.o
 .debug_macro   0x00002d36       0x16 build/sam_ba_monitor.o
 .debug_macro   0x00002d4c       0x29 build/sam_ba_monitor.o
 .debug_macro   0x00002d75      0x49f build/sam_ba_serial.o

.debug_line     0x00000000     0x61d5
 .debug_line    0x00000000      0x848 build/board_driver_led.o
 .debug_line    0x00000848      0xa20 build/board_driver_serial.o
 .debug_line    0x00001268      0xa27 build/board_driver_usb.o
 .debug_line    0x00001c8f      0x87f build/board_init.o
 .debug_line    0x0000250e      0x840 build/board_startup.o
 .debug_line    0x00002d4e      0xa5e build/main.o
 .debug_line    0x000037ac      0xa21 build/sam_ba_usb.o
 .debug_line    0x000041cd      0x880 build/sam_ba_cdc.o
 .debug_line    0x00004a4d      0xc4b build/sam_ba_monitor.o
 .debug_line    0x00005698      0xb3d build/sam_ba_serial.o

.debug_str      0x00000000    0x72847
 .debug_str     0x00000000    0x6b4ea build/board_driver_led.o
                              0x6b85a (size before relaxing)
 .debug_str     0x0006b4ea     0x49e0 build/board_driver_serial.o
                              0x701a8 (size before relaxing)
 .debug_str     0x0006feca     0x11fd build/board_driver_usb.o
                              0x6f8e1 (size before relaxing)
 .debug_str     0x000710c7      0x829 build/board_init.o
                              0x6c051 (size before relaxing)
 .debug_str     0x000718f0      0x178 build/board_startup.o
                              0x6b4e8 (size before relaxing)
 .debug_str     0x00071a68      0x733 build/main.o
                              0x7142a (size before relaxing)
 .debug_str     0x0007219b       0xfb build/sam_ba_usb.o
                              0x6f728 (size before relaxing)
 .debug_str     0x00072296       0x87 build/sam_ba_cdc.o
                              0x6c2b8 (size before relaxing)
 .debug_str     0x0007231d      0x354 build/sam_ba_monitor.o
                              0x711b8 (size before relaxing)
 .debug_str     0x00072671      0x1d6 build/sam_ba_serial.o
                              0x70865 (size before relaxing)

.debug_frame    0x00000000      0x640
 .debug_frame   0x00000000       0x20 build/board_driver_led.o
 .debug_frame   0x00000020       0x8c build/board_driver_serial.o
 .debug_frame   0x000000ac      0x100 build/board_driver_usb.o
 .debug_frame   0x000001ac       0x4c build/board_init.o
 .debug_frame   0x000001f8       0x68 build/board_startup.o
 .debug_frame   0x00000260       0x4c build/main.o
 .debug_frame   0x000002ac       0x68 build/sam_ba_usb.o
 .debug_frame   0x00000314       0xb4 build/sam_ba_cdc.o
 .debug_frame   0x000003c8       0xd0 build/sam_ba_monitor.o
 .debug_frame   0x00000498      0x160 build/sam_ba_serial.o
 .debug_frame   0x000005f8       0x28 c:/users/user/appdata/local/arduino15/packages/arduino/tools/arm-none-eabi-gcc/7-2017q4/bin/../lib/gcc/arm-none-eabi/7.2.1/../../../../arm-none-eabi/lib/thumb/v6-m\libc_nano.a(lib_a-memcpy-stub.o)
 .debug_frame   0x00000620       0x20 c:/users/user/appdata/local/arduino15/packages/arduino/tools/arm-none-eabi-gcc/7-2017q4/bin/../lib/gcc/arm-none-eabi/7.2.1/../../../../arm-none-eabi/lib/thumb/v6-m\libc_nano.a(lib_a-memset.o)

.debug_loc      0x00000000     0x164e
 .debug_loc     0x00000000      0x126 build/board_driver_serial.o
 .debug_loc     0x00000126      0x362 build/board_driver_usb.o
 .debug_loc     0x00000488       0x90 build/board_init.o
 .debug_loc     0x00000518       0x20 build/board_startup.o
 .debug_loc     0x00000538       0xe2 build/main.o
 .debug_loc     0x0000061a      0x151 build/sam_ba_usb.o
 .debug_loc     0x0000076b      0x1ae build/sam_ba_cdc.o
 .debug_loc     0x00000919      0x5aa build/sam_ba_monitor.o
 .debug_loc     0x00000ec3      0x78b build/sam_ba_serial.o

Cross Reference Table

Symbol                                            File
HardFault_Handler                                 build/board_startup.o
LED_pulse                                         build/board_driver_led.o
                                                  build/main.o
MAX_FLASH                                         build/sam_ba_monitor.o
NMI_Handler                                       build/board_startup.o
PAGES                                             build/sam_ba_monitor.o
PAGE_SIZE                                         build/sam_ba_monitor.o
PendSV_Handler                                    build/board_startup.o
Reset_Handler                                     build/board_startup.o
RomBOOT_ExtendedCapabilities                      build/sam_ba_monitor.o
RomBOOT_Version                                   build/sam_ba_monitor.o
SVC_Handler                                       build/board_startup.o
SysTick_Handler                                   build/main.o
                                                  build/board_startup.o
USB_Configure                                     build/board_driver_usb.o
                                                  build/sam_ba_usb.o
USB_Init                                          build/board_driver_usb.o
                                                  build/sam_ba_usb.o
USB_IsConfigured                                  build/board_driver_usb.o
                                                  build/sam_ba_cdc.o
USB_Open                                          build/board_driver_usb.o
                                                  build/sam_ba_usb.o
USB_Read                                          build/board_driver_usb.o
                                                  build/sam_ba_cdc.o
USB_Read_blocking                                 build/board_driver_usb.o
USB_SendStall                                     build/board_driver_usb.o
                                                  build/sam_ba_usb.o
USB_SendString                                    build/sam_ba_usb.o
USB_SendZlp                                       build/board_driver_usb.o
                                                  build/sam_ba_usb.o
USB_SetAddress                                    build/board_driver_usb.o
                                                  build/sam_ba_usb.o
USB_Write                                         build/board_driver_usb.o
                                                  build/sam_ba_cdc.o
                                                  build/sam_ba_usb.o
__StackTop                                        build/board_startup.o
__bss_end__                                       build/board_startup.o
                                                  c:/users/user/appdata/local/arduino15/packages/arduino/tools/arm-none-eabi-gcc/7-2017q4/bin/../lib/gcc/arm-none-eabi/7.2.1/../../../../arm-none-eabi/lib/thumb/v6-m/crt0.o
__bss_start__                                     build/board_startup.o
                                                  c:/users/user/appdata/local/arduino15/packages/arduino/tools/arm-none-eabi-gcc/7-2017q4/bin/../lib/gcc/arm-none-eabi/7.2.1/../../../../arm-none-eabi/lib/thumb/v6-m/crt0.o
__call_exitprocs                                  c:/users/user/appdata/local/arduino15/packages/arduino/tools/arm-none-eabi-gcc/7-2017q4/bin/../lib/gcc/arm-none-eabi/7.2.1/../../../../arm-none-eabi/lib/thumb/v6-m\libc_nano.a(lib_a-exit.o)
__data_end__                                      build/board_startup.o
__data_start__                                    build/board_startup.o
__deregister_frame_info                           c:/users/user/appdata/local/arduino15/packages/arduino/tools/arm-none-eabi-gcc/7-2017q4/bin/../lib/gcc/arm-none-eabi/7.2.1/thumb/v6-m/crtbegin.o
__dso_handle                                      c:/users/user/appdata/local/arduino15/packages/arduino/tools/arm-none-eabi-gcc/7-2017q4/bin/../lib/gcc/arm-none-eabi/7.2.1/thumb/v6-m/crtbegin.o
__etext                                           build/board_startup.o
__init_array_end                                  c:/users/user/appdata/local/arduino15/packages/arduino/tools/arm-none-eabi-gcc/7-2017q4/bin/../lib/gcc/arm-none-eabi/7.2.1/../../../../arm-none-eabi/lib/thumb/v6-m\libc_nano.a(lib_a-init.o)
__init_array_start                                c:/users/user/appdata/local/arduino15/packages/arduino/tools/arm-none-eabi-gcc/7-2017q4/bin/../lib/gcc/arm-none-eabi/7.2.1/../../../../arm-none-eabi/lib/thumb/v6-m\libc_nano.a(lib_a-init.o)
__libc_fini_array                                 c:/users/user/appdata/local/arduino15/packages/arduino/tools/arm-none-eabi-gcc/7-2017q4/bin/../lib/gcc/arm-none-eabi/7.2.1/../../../../arm-none-eabi/lib/thumb/v6-m/crt0.o
__libc_init_array                                 c:/users/user/appdata/local/arduino15/packages/arduino/tools/arm-none-eabi-gcc/7-2017q4/bin/../lib/gcc/arm-none-eabi/7.2.1/../../../../arm-none-eabi/lib/thumb/v6-m\libc_nano.a(lib_a-init.o)
                                                  c:/users/user/appdata/local/arduino15/packages/arduino/tools/arm-none-eabi-gcc/7-2017q4/bin/../lib/gcc/arm-none-eabi/7.2.1/../../../../arm-none-eabi/lib/thumb/v6-m/crt0.o
__preinit_array_end                               c:/users/user/appdata/local/arduino15/packages/arduino/tools/arm-none-eabi-gcc/7-2017q4/bin/../lib/gcc/arm-none-eabi/7.2.1/../../../../arm-none-eabi/lib/thumb/v6-m\libc_nano.a(lib_a-init.o)
__preinit_array_start                             c:/users/user/appdata/local/arduino15/packages/arduino/tools/arm-none-eabi-gcc/7-2017q4/bin/../lib/gcc/arm-none-eabi/7.2.1/../../../../arm-none-eabi/lib/thumb/v6-m\libc_nano.a(lib_a-init.o)
__register_frame_info                             c:/users/user/appdata/local/arduino15/packages/arduino/tools/arm-none-eabi-gcc/7-2017q4/bin/../lib/gcc/arm-none-eabi/7.2.1/thumb/v6-m/crtbegin.o
__sf_fake_stderr                                  c:/users/user/appdata/local/arduino15/packages/arduino/tools/arm-none-eabi-gcc/7-2017q4/bin/../lib/gcc/arm-none-eabi/7.2.1/../../../../arm-none-eabi/lib/thumb/v6-m\libc_nano.a(lib_a-impure.o)
__sf_fake_stdin                                   c:/users/user/appdata/local/arduino15/packages/arduino/tools/arm-none-eabi-gcc/7-2017q4/bin/../lib/gcc/arm-none-eabi/7.2.1/../../../../arm-none-eabi/lib/thumb/v6-m\libc_nano.a(lib_a-impure.o)
__sf_fake_stdout                                  c:/users/user/appdata/local/arduino15/packages/arduino/tools/arm-none-eabi-gcc/7-2017q4/bin/../lib/gcc/arm-none-eabi/7.2.1/../../../../arm-none-eabi/lib/thumb/v6-m\libc_nano.a(lib_a-impure.o)
__sketch_vectors_ptr                              build/main.o
__stack                                           c:/users/user/appdata/local/arduino15/packages/arduino/tools/arm-none-eabi-gcc/7-2017q4/bin/../lib/gcc/arm-none-eabi/7.2.1/../../../../arm-none-eabi/lib/thumb/v6-m/crt0.o
_exit                                             c:/users/user/appdata/local/arduino15/packages/arduino/tools/arm-none-eabi-gcc/7-2017q4/bin/../lib/gcc/arm-none-eabi/7.2.1/../../../../arm-none-eabi/lib/thumb/v6-m\libnosys.a(_exit.o)
                                                  c:/users/user/appdata/local/arduino15/packages/arduino/tools/arm-none-eabi-gcc/7-2017q4/bin/../lib/gcc/arm-none-eabi/7.2.1/../../../../arm-none-eabi/lib/thumb/v6-m\libc_nano.a(lib_a-exit.o)
_fini                                             c:/users/user/appdata/local/arduino15/packages/arduino/tools/arm-none-eabi-gcc/7-2017q4/bin/../lib/gcc/arm-none-eabi/7.2.1/thumb/v6-m/crti.o
_global_impure_ptr                                c:/users/user/appdata/local/arduino15/packages/arduino/tools/arm-none-eabi-gcc/7-2017q4/bin/../lib/gcc/arm-none-eabi/7.2.1/../../../../arm-none-eabi/lib/thumb/v6-m\libc_nano.a(lib_a-impure.o)
                                                  c:/users/user/appdata/local/arduino15/packages/arduino/tools/arm-none-eabi-gcc/7-2017q4/bin/../lib/gcc/arm-none-eabi/7.2.1/../../../../arm-none-eabi/lib/thumb/v6-m\libc_nano.a(lib_a-exit.o)
_impure_ptr                                       c:/users/user/appdata/local/arduino15/packages/arduino/tools/arm-none-eabi-gcc/7-2017q4/bin/../lib/gcc/arm-none-eabi/7.2.1/../../../../arm-none-eabi/lib/thumb/v6-m\libc_nano.a(lib_a-impure.o)
_init                                             c:/users/user/appdata/local/arduino15/packages/arduino/tools/arm-none-eabi-gcc/7-2017q4/bin/../lib/gcc/arm-none-eabi/7.2.1/thumb/v6-m/crti.o
                                                  c:/users/user/appdata/local/arduino15/packages/arduino/tools/arm-none-eabi-gcc/7-2017q4/bin/../lib/gcc/arm-none-eabi/7.2.1/../../../../arm-none-eabi/lib/thumb/v6-m\libc_nano.a(lib_a-init.o)
_mainCRTStartup                                   c:/users/user/appdata/local/arduino15/packages/arduino/tools/arm-none-eabi-gcc/7-2017q4/bin/../lib/gcc/arm-none-eabi/7.2.1/../../../../arm-none-eabi/lib/thumb/v6-m/crt0.o
_start                                            c:/users/user/appdata/local/arduino15/packages/arduino/tools/arm-none-eabi-gcc/7-2017q4/bin/../lib/gcc/arm-none-eabi/7.2.1/../../../../arm-none-eabi/lib/thumb/v6-m/crt0.o
atexit                                            c:/users/user/appdata/local/arduino15/packages/arduino/tools/arm-none-eabi-gcc/7-2017q4/bin/../lib/gcc/arm-none-eabi/7.2.1/../../../../arm-none-eabi/lib/thumb/v6-m/crt0.o
b_sam_ba_interface_usart                          build/sam_ba_monitor.o
b_security_enabled                                build/sam_ba_monitor.o
b_sharp_received                                  build/sam_ba_serial.o
b_terminal_mode                                   build/sam_ba_monitor.o
board_init                                        build/board_init.o
                                                  build/main.o
buffer_rx_usart                                   build/sam_ba_serial.o
buffer_tx_usart                                   build/sam_ba_serial.o
call_applet                                       build/sam_ba_monitor.o
cdc_getc                                          build/sam_ba_cdc.o
                                                  build/sam_ba_monitor.o
cdc_is_rx_ready                                   build/sam_ba_cdc.o
                                                  build/sam_ba_monitor.o
cdc_putc                                          build/sam_ba_cdc.o
                                                  build/sam_ba_monitor.o
cdc_read_buf                                      build/sam_ba_cdc.o
                                                  build/sam_ba_monitor.o
cdc_read_buf_xmd                                  build/sam_ba_cdc.o
                                                  build/sam_ba_monitor.o
cdc_write_buf                                     build/sam_ba_cdc.o
                                                  build/sam_ba_monitor.o
command                                           build/sam_ba_monitor.o
current_number                                    build/sam_ba_monitor.o
data                                              build/sam_ba_monitor.o
erased_from                                       build/sam_ba_monitor.o
error_timeout                                     build/sam_ba_serial.o
exception_table                                   build/board_startup.o
exit                                              c:/users/user/appdata/local/arduino15/packages/arduino/tools/arm-none-eabi-gcc/7-2017q4/bin/../lib/gcc/arm-none-eabi/7.2.1/../../../../arm-none-eabi/lib/thumb/v6-m\libc_nano.a(lib_a-exit.o)
                                                  c:/users/user/appdata/local/arduino15/packages/arduino/tools/arm-none-eabi-gcc/7-2017q4/bin/../lib/gcc/arm-none-eabi/7.2.1/../../../../arm-none-eabi/lib/thumb/v6-m/crt0.o
g_interrupt_enabled                               build/board_init.o
hardware_init_hook                                c:/users/user/appdata/local/arduino15/packages/arduino/tools/arm-none-eabi-gcc/7-2017q4/bin/../lib/gcc/arm-none-eabi/7.2.1/../../../../arm-none-eabi/lib/thumb/v6-m/crt0.o
i                                                 build/sam_ba_monitor.o
idx_rx_read                                       build/sam_ba_serial.o
idx_rx_write                                      build/sam_ba_serial.o
idx_tx_read                                       build/sam_ba_serial.o
idx_tx_write                                      build/sam_ba_serial.o
j                                                 build/sam_ba_monitor.o
ledDirection                                      build/board_driver_led.o
ledKeepValue                                      build/board_driver_led.o
ledTargetValue                                    build/board_driver_led.o
length                                            build/sam_ba_monitor.o
line_coding                                       build/sam_ba_cdc.o
                                                  build/sam_ba_usb.o
main                                              build/main.o
                                                  build/board_startup.o
                                                  c:/users/user/appdata/local/arduino15/packages/arduino/tools/arm-none-eabi-gcc/7-2017q4/bin/../lib/gcc/arm-none-eabi/7.2.1/../../../../arm-none-eabi/lib/thumb/v6-m/crt0.o
memcpy                                            c:/users/user/appdata/local/arduino15/packages/arduino/tools/arm-none-eabi-gcc/7-2017q4/bin/../lib/gcc/arm-none-eabi/7.2.1/../../../../arm-none-eabi/lib/thumb/v6-m\libc_nano.a(lib_a-memcpy-stub.o)
                                                  build/sam_ba_monitor.o
                                                  build/board_driver_usb.o
memset                                            c:/users/user/appdata/local/arduino15/packages/arduino/tools/arm-none-eabi-gcc/7-2017q4/bin/../lib/gcc/arm-none-eabi/7.2.1/../../../../arm-none-eabi/lib/thumb/v6-m\libc_nano.a(lib_a-memset.o)
                                                  build/board_driver_usb.o
                                                  c:/users/user/appdata/local/arduino15/packages/arduino/tools/arm-none-eabi-gcc/7-2017q4/bin/../lib/gcc/arm-none-eabi/7.2.1/../../../../arm-none-eabi/lib/thumb/v6-m/crt0.o
mode_of_transfer                                  build/sam_ba_serial.o
ptr                                               build/sam_ba_monitor.o
ptr_data                                          build/sam_ba_monitor.o
ptr_monitor_if                                    build/sam_ba_monitor.o
pulSketch_Start_Address                           build/main.o
rxLEDPulse                                        build/sam_ba_monitor.o
sam_ba_cdc                                        build/sam_ba_usb.o
                                                  build/sam_ba_cdc.o
sam_ba_monitor_init                               build/sam_ba_monitor.o
                                                  build/main.o
sam_ba_monitor_run                                build/sam_ba_monitor.o
                                                  build/main.o
sam_ba_monitor_sys_tick                           build/sam_ba_monitor.o
                                                  build/main.o
sam_ba_putdata_term                               build/sam_ba_monitor.o
sam_ba_usb_CDC_Enumerate                          build/sam_ba_usb.o
                                                  build/board_driver_usb.o
serial_add_crc                                    build/sam_ba_serial.o
                                                  build/sam_ba_monitor.o
serial_close                                      build/sam_ba_serial.o
serial_getc                                       build/sam_ba_serial.o
                                                  build/sam_ba_monitor.o
serial_getdata                                    build/sam_ba_serial.o
                                                  build/sam_ba_monitor.o
serial_getdata_xmd                                build/sam_ba_serial.o
                                                  build/sam_ba_monitor.o
serial_is_rx_ready                                build/sam_ba_serial.o
                                                  build/sam_ba_monitor.o
serial_open                                       build/sam_ba_serial.o
                                                  build/main.o
serial_putc                                       build/sam_ba_serial.o
                                                  build/sam_ba_monitor.o
serial_putdata                                    build/sam_ba_serial.o
                                                  build/sam_ba_monitor.o
serial_putdata_xmd                                build/sam_ba_serial.o
                                                  build/sam_ba_monitor.o
serial_readc                                      build/sam_ba_serial.o
serial_sharp_received                             build/sam_ba_serial.o
                                                  build/main.o
size_of_data                                      build/sam_ba_serial.o
software_init_hook                                c:/users/user/appdata/local/arduino15/packages/arduino/tools/arm-none-eabi-gcc/7-2017q4/bin/../lib/gcc/arm-none-eabi/7.2.1/../../../../arm-none-eabi/lib/thumb/v6-m/crt0.o
sp                                                build/sam_ba_monitor.o
strlen                                            c:/users/user/appdata/local/arduino15/packages/arduino/tools/arm-none-eabi-gcc/7-2017q4/bin/../lib/gcc/arm-none-eabi/7.2.1/../../../../arm-none-eabi/lib/thumb/v6-m\libc_nano.a(lib_a-strlen.o)
                                                  build/sam_ba_usb.o
txLEDPulse                                        build/sam_ba_monitor.o
u32tmp                                            build/sam_ba_monitor.o
uart_basic_init                                   build/board_driver_serial.o
                                                  build/sam_ba_serial.o
uart_disable                                      build/board_driver_serial.o
                                                  build/sam_ba_serial.o
uart_drv_error_flag                               build/board_driver_serial.o
uart_if                                           build/sam_ba_monitor.o
uart_read_buffer_polled                           build/board_driver_serial.o
uart_read_byte                                    build/board_driver_serial.o
                                                  build/sam_ba_serial.o
uart_write_buffer_polled                          build/board_driver_serial.o
uart_write_byte                                   build/board_driver_serial.o
                                                  build/sam_ba_serial.o
udd_ep_in_cache_buffer                            build/board_driver_usb.o
udd_ep_out_cache_buffer                           build/board_driver_usb.o
                                                  build/sam_ba_usb.o
usb_endpoint_table                                build/board_driver_usb.o
usb_init                                          build/sam_ba_usb.o
                                                  build/main.o
usbcdc_if                                         build/sam_ba_monitor.o
